// Jest Snapshot v1, https://goo.gl/fbAQLP

exports[`BlogGallery should render the expected results 1`] = `
<div>
  <ul />
  <div
    class="text-sm flex justify-between"
  />
</div>
`;
